// Jest Snapshot v1, https://goo.gl/fbAQLP

exports[`renders Header correctly (snapshot) 1`] = `
<div
  className="MuiBox-root css-1qk4bij"
>
  <header
    className="MuiPaper-root MuiPaper-elevation MuiPaper-elevation4 MuiAppBar-root MuiAppBar-colorPrimary MuiAppBar-positionStatic css-py75jh-MuiPaper-root-MuiAppBar-root"
  >
    <div
      className="MuiToolbar-root MuiToolbar-gutters MuiToolbar-regular css-hyum1k-MuiToolbar-root"
    >
      <button
        aria-label="menu"
        className="MuiButtonBase-root MuiIconButton-root MuiIconButton-colorInherit MuiIconButton-edgeStart MuiIconButton-sizeLarge css-1xouml8-MuiButtonBase-root-MuiIconButton-root"
        disabled={false}
        onBlur={[Function]}
        onContextMenu={[Function]}
        onDragLeave={[Function]}
        onFocus={[Function]}
        onKeyDown={[Function]}
        onKeyUp={[Function]}
        onMouseDown={[Function]}
        onMouseLeave={[Function]}
        onMouseUp={[Function]}
        onTouchEnd={[Function]}
        onTouchMove={[Function]}
        onTouchStart={[Function]}
        tabIndex={0}
        type="button"
      >
        <svg
          aria-hidden={true}
          className="MuiSvgIcon-root MuiSvgIcon-fontSizeMedium css-i4bv87-MuiSvgIcon-root"
          data-testid="MenuIcon"
          focusable="false"
          viewBox="0 0 24 24"
        >
          <path
            d="M3 18h18v-2H3v2zm0-5h18v-2H3v2zm0-7v2h18V6H3z"
          />
        </svg>
      </button>
      <div
        className="MuiTypography-root MuiTypography-h6 css-1juivf6-MuiTypography-root"
      >
        <a
          href="https://mmoresun.github.io/weather"
          style={
            Object {
              "color": "white",
              "textDecoration": "none",
            }
          }
        >
          â›… Weather Anywhere
        </a>
      </div>
      <a
        className="MuiButtonBase-root MuiButton-root MuiButton-text MuiButton-textInherit MuiButton-sizeSmall MuiButton-textSizeSmall MuiButton-colorInherit MuiButton-root MuiButton-text MuiButton-textInherit MuiButton-sizeSmall MuiButton-textSizeSmall MuiButton-colorInherit css-u44ztt-MuiButtonBase-root-MuiButton-root"
        href="https://github.com/mmoresun/weather/tree/master"
        onBlur={[Function]}
        onContextMenu={[Function]}
        onDragLeave={[Function]}
        onFocus={[Function]}
        onKeyDown={[Function]}
        onKeyUp={[Function]}
        onMouseDown={[Function]}
        onMouseLeave={[Function]}
        onMouseUp={[Function]}
        onTouchEnd={[Function]}
        onTouchMove={[Function]}
        onTouchStart={[Function]}
        tabIndex={0}
        target="_blank"
      >
        GitHub
      </a>
    </div>
  </header>
</div>
`;
